=== e3_t8 softmax s=64 d=24 n_eval=4096 threads=6 torch 2.5.1+cu121 ===
  1-hop truncation ceiling at t*=8: NRMSE 0.935414 (softmax hop budget = 1)
  BAR CALIBRATED -- BAR CALIBRATED
  t*= 8 n=  8192 seed=0 steps=  150  eval NRMSE=1.025127  [NO READING]  boot[1.0168,1.0338]  213.0s
  t*= 8 n=  8192 seed=0 steps=  600  eval NRMSE=1.125962  [NO READING]  boot[1.1078,1.1435]  710.7s
  t*= 8 n=  8192 DROPPED steps=[2400, 9600] (unaffordable)
    (924.5s for n=8192 seed=0)
WROTE C:\Users\seal\Desktop\New folder (32)\results\r10_it8_capacity_softmax_t8.jsonl
=== e3_t8 softmax s=64 d=24 n_eval=4096 threads=6 torch 2.5.1+cu121 ===
  1-hop truncation ceiling at t*=8: NRMSE 0.935414 (softmax hop budget = 1)
  BAR CALIBRATED -- BAR CALIBRATED
  t*= 8 n=  2048 seed=0 steps=  150  eval NRMSE=1.128043  [NO READING]  boot[1.1113,1.1473]  42.3s
  t*= 8 n=  2048 DROPPED steps=[600, 2400, 9600] (unaffordable)
    (42.7s for n=2048 seed=0)
  t*= 8 n=  2048 seed=1 steps=  150  eval NRMSE=1.127633  [NO READING]  boot[1.1080,1.1535]  42.5s
    (42.9s for n=2048 seed=1)
  t*= 8 n=  2048 seed=2 steps=  150  eval NRMSE=1.119876  [NO READING]  boot[1.1006,1.1441]  43.8s
    (44.1s for n=2048 seed=2)
  t*= 8 n=  2048 seed=3 steps=  150  eval NRMSE=1.110918  [NO READING]  boot[1.0950,1.1278]  43.4s
    (43.8s for n=2048 seed=3)
  t*= 8 n=  2048 seed=4 steps=  150  eval NRMSE=1.136393  [NO READING]  boot[1.1118,1.1688]  43.1s
    (43.5s for n=2048 seed=4)
  t*= 8 n=  2048 seed=5 steps=  150  eval NRMSE=1.102425  [NO READING]  boot[1.0851,1.1207]  43.5s
    (43.8s for n=2048 seed=5)
  t*= 8 n=  2048 seed=6 steps=  150  eval NRMSE=1.130261  [NO READING]  boot[1.1130,1.1514]  43.0s
    (43.3s for n=2048 seed=6)
  t*= 8 n=  2048 seed=7 steps=  150  eval NRMSE=1.136906  [NO READING]  boot[1.1184,1.1590]  43.1s
    (43.5s for n=2048 seed=7)
WROTE C:\Users\seal\Desktop\New folder (32)\results\r10_it8_capacity_softmax_t8.jsonl
