budget 11 12 {'floor': 0.9123, 'bayes': 1.0, 'ens3': 0.9617, 'lin1': 0.9834, 'b4': 1.0002} 7.78 3.84
budget 11 16 {'floor': 0.8119, 'bayes': 1.0, 'ens3': 0.9225, 'lin1': 0.941, 'b4': 1.0002} 7.87 3.84
budget 11 20 {'floor': 0.7149, 'bayes': 1.0, 'ens3': 0.8808, 'lin1': 0.8886, 'b4': 0.9933} 7.15 3.72
budget 11 24 {'floor': 0.6299, 'bayes': 1.0, 'ens3': 0.8307, 'lin1': 0.8237, 'b4': 1.0021} 6.29 3.17
budget 11 32 {'floor': 0.5914, 'bayes': 1.0, 'ens3': 0.8074, 'lin1': 0.7964, 'b4': 0.9836} 5.13 3.13
budget 12 12 {'floor': 0.9132, 'bayes': 1.0, 'ens3': 0.9669, 'lin1': 0.9803, 'b4': 1.0} 7.73 3.84
budget 12 16 {'floor': 0.8038, 'bayes': 1.0, 'ens3': 0.927, 'lin1': 0.9468, 'b4': 0.9993} 7.94 3.84
budget 12 20 {'floor': 0.7242, 'bayes': 1.0, 'ens3': 0.8828, 'lin1': 0.8869, 'b4': 0.9968} 7.24 3.78
budget 12 24 {'floor': 0.6293, 'bayes': 1.0, 'ens3': 0.8072, 'lin1': 0.8204, 'b4': 0.9963} 6.29 3.17
budget 12 32 {'floor': 0.5848, 'bayes': 1.0, 'ens3': 0.7757, 'lin1': 0.8031, 'b4': 0.9922} 5.15 3.13
budget 13 12 {'floor': 0.9148, 'bayes': 1.0, 'ens3': 0.9656, 'lin1': 0.9824, 'b4': 0.9982} 7.7 3.84
budget 13 16 {'floor': 0.8008, 'bayes': 1.0, 'ens3': 0.9319, 'lin1': 0.9474, 'b4': 0.9998} 8.0 3.84
budget 13 20 {'floor': 0.7228, 'bayes': 1.0, 'ens3': 0.8752, 'lin1': 0.8894, 'b4': 0.998} 7.2 3.84
budget 13 24 {'floor': 0.6512, 'bayes': 1.0, 'ens3': 0.8027, 'lin1': 0.838, 'b4': 0.9987} 6.36 3.17
budget 13 32 {'floor': 0.5562, 'bayes': 1.0, 'ens3': 0.7641, 'lin1': 0.7623, 'b4': 0.9789} 5.13 3.13
budget 6 12 {'floor': 0.9175, 'bayes': 1.0, 'ens3': 0.9652, 'lin1': 0.9859, 'b4': 0.9988} 7.73 3.84
budget 6 16 {'floor': 0.8042, 'bayes': 1.0, 'ens3': 0.9297, 'lin1': 0.945, 'b4': 0.998} 7.96 3.84
budget 6 20 {'floor': 0.698, 'bayes': 1.0, 'ens3': 0.876, 'lin1': 0.8804, 'b4': 0.9977} 7.18 3.78
budget 6 24 {'floor': 0.6207, 'bayes': 1.0, 'ens3': 0.8355, 'lin1': 0.8279, 'b4': 0.9965} 6.25 3.17
budget 6 32 {'floor': 0.5483, 'bayes': 1.0, 'ens3': 0.7768, 'lin1': 0.7589, 'b4': 0.993} 5.16 3.13
budget 7 12 {'floor': 0.9096, 'bayes': 1.0, 'ens3': 0.9623, 'lin1': 0.9861, 'b4': 0.9991} 7.73 3.84
budget 7 16 {'floor': 0.8036, 'bayes': 1.0, 'ens3': 0.9241, 'lin1': 0.9477, 'b4': 0.9995} 7.95 3.84
budget 7 20 {'floor': 0.7099, 'bayes': 1.0, 'ens3': 0.8823, 'lin1': 0.884, 'b4': 0.998} 7.25 3.72
budget 7 24 {'floor': 0.6286, 'bayes': 1.0, 'ens3': 0.8197, 'lin1': 0.8134, 'b4': 0.9872} 6.27 3.21
budget 7 32 {'floor': 0.5782, 'bayes': 1.0, 'ens3': 0.7665, 'lin1': 0.7699, 'b4': 0.9838} 5.19 3.13
budget 8 12 {'floor': 0.9138, 'bayes': 1.0, 'ens3': 0.9621, 'lin1': 0.9874, 'b4': 0.9993} 7.77 3.84
budget 8 16 {'floor': 0.8045, 'bayes': 1.0, 'ens3': 0.9241, 'lin1': 0.9393, 'b4': 0.9988} 7.95 3.84
budget 8 20 {'floor': 0.7061, 'bayes': 1.0, 'ens3': 0.8612, 'lin1': 0.8837, 'b4': 0.9941} 7.17 3.78
budget 8 24 {'floor': 0.6443, 'bayes': 1.0, 'ens3': 0.8595, 'lin1': 0.8458, 'b4': 1.0046} 6.28 3.17
budget 8 32 {'floor': 0.5418, 'bayes': 1.0, 'ens3': 0.7899, 'lin1': 0.7567, 'b4': 0.9866} 5.2 3.13
wall 703.0
