cap 10 12 0.9988 7.92 3.84
cap 10 16 0.9973 8.48 3.84
cap 10 20 0.9983 8.18 3.84
cap 10 24 0.9928 8.19 5.04
cap 10 32 0.9768 6.36 3.84
cap 6 12 0.9982 7.89 3.84
cap 6 16 0.9967 8.49 3.84
cap 6 20 0.9991 8.1 3.84
cap 6 24 0.9826 8.11 5.04
cap 6 32 0.9852 6.33 3.84
cap 7 12 0.9979 7.88 3.84
cap 7 16 0.998 8.5 3.84
cap 7 20 0.9972 8.19 3.84
cap 7 24 0.9758 8.11 5.04
cap 7 32 0.974 6.38 3.84
cap 8 12 0.9984 7.92 3.84
cap 8 16 0.9956 8.44 3.84
cap 8 20 0.9896 8.11 3.84
cap 8 24 0.9853 8.1 5.04
cap 8 32 0.9728 6.4 3.84
wall 3.7
