.....FFFFF.F                                                             [100%]
================================== FAILURES ===================================
_________________________ test_bed_valid_on_new_seeds _________________________

    def test_bed_valid_on_new_seeds():
>       E = _eval()
            ^^^^^^^

test_r2.py:74: 
_ _ _ _ _ _ _ _ _ _ _ _ _ _ _ _ _ _ _ _ _ _ _ _ _ _ _ _ _ _ _ _ _ _ _ _ _ _ _ _
test_r2.py:56: in _eval
    return json.loads((HERE / "eval.json").read_text())
                      ^^^^^^^^^^^^^^^^^^^^^^^^^^^^^^^^
C:\Users\seal\AppData\Local\Programs\Python\Python311\Lib\pathlib.py:1058: in read_text
    with self.open(mode='r', encoding=encoding, errors=errors) as f:
         ^^^^^^^^^^^^^^^^^^^^^^^^^^^^^^^^^^^^^^^^^^^^^^^^^^^^^
_ _ _ _ _ _ _ _ _ _ _ _ _ _ _ _ _ _ _ _ _ _ _ _ _ _ _ _ _ _ _ _ _ _ _ _ _ _ _ _

self = WindowsPath('C:/Users/seal/Desktop/New folder (32)/sun/rjepa/cameron/r2/eval.json')
mode = 'r', buffering = -1, encoding = 'locale', errors = None, newline = None

    def open(self, mode='r', buffering=-1, encoding=None,
             errors=None, newline=None):
        """
        Open the file pointed by this path and return a file object, as
        the built-in open() function does.
        """
        if "b" not in mode:
            encoding = io.text_encoding(encoding)
>       return io.open(self, mode, buffering, encoding, errors, newline)
               ^^^^^^^^^^^^^^^^^^^^^^^^^^^^^^^^^^^^^^^^^^^^^^^^^^^^^^^^^
E       FileNotFoundError: [Errno 2] No such file or directory: 'C:\\Users\\seal\\Desktop\\New folder (32)\\sun\\rjepa\\cameron\\r2\\eval.json'

C:\Users\seal\AppData\Local\Programs\Python\Python311\Lib\pathlib.py:1044: FileNotFoundError
________________ test_claim_A1_lin1_beats_djepa_spec_each_seed ________________

    def test_claim_A1_lin1_beats_djepa_spec_each_seed():
>       E = _eval(); band, _ = _band(E)
            ^^^^^^^

test_r2.py:83: 
_ _ _ _ _ _ _ _ _ _ _ _ _ _ _ _ _ _ _ _ _ _ _ _ _ _ _ _ _ _ _ _ _ _ _ _ _ _ _ _
test_r2.py:56: in _eval
    return json.loads((HERE / "eval.json").read_text())
                      ^^^^^^^^^^^^^^^^^^^^^^^^^^^^^^^^
C:\Users\seal\AppData\Local\Programs\Python\Python311\Lib\pathlib.py:1058: in read_text
    with self.open(mode='r', encoding=encoding, errors=errors) as f:
         ^^^^^^^^^^^^^^^^^^^^^^^^^^^^^^^^^^^^^^^^^^^^^^^^^^^^^
_ _ _ _ _ _ _ _ _ _ _ _ _ _ _ _ _ _ _ _ _ _ _ _ _ _ _ _ _ _ _ _ _ _ _ _ _ _ _ _

self = WindowsPath('C:/Users/seal/Desktop/New folder (32)/sun/rjepa/cameron/r2/eval.json')
mode = 'r', buffering = -1, encoding = 'locale', errors = None, newline = None

    def open(self, mode='r', buffering=-1, encoding=None,
             errors=None, newline=None):
        """
        Open the file pointed by this path and return a file object, as
        the built-in open() function does.
        """
        if "b" not in mode:
            encoding = io.text_encoding(encoding)
>       return io.open(self, mode, buffering, encoding, errors, newline)
               ^^^^^^^^^^^^^^^^^^^^^^^^^^^^^^^^^^^^^^^^^^^^^^^^^^^^^^^^^
E       FileNotFoundError: [Errno 2] No such file or directory: 'C:\\Users\\seal\\Desktop\\New folder (32)\\sun\\rjepa\\cameron\\r2\\eval.json'

C:\Users\seal\AppData\Local\Programs\Python\Python311\Lib\pathlib.py:1044: FileNotFoundError
__________________ test_claim_A2_lin1_beats_floor_each_seed ___________________

    def test_claim_A2_lin1_beats_floor_each_seed():
>       E = _eval(); band, _ = _band(E)
            ^^^^^^^

test_r2.py:93: 
_ _ _ _ _ _ _ _ _ _ _ _ _ _ _ _ _ _ _ _ _ _ _ _ _ _ _ _ _ _ _ _ _ _ _ _ _ _ _ _
test_r2.py:56: in _eval
    return json.loads((HERE / "eval.json").read_text())
                      ^^^^^^^^^^^^^^^^^^^^^^^^^^^^^^^^
C:\Users\seal\AppData\Local\Programs\Python\Python311\Lib\pathlib.py:1058: in read_text
    with self.open(mode='r', encoding=encoding, errors=errors) as f:
         ^^^^^^^^^^^^^^^^^^^^^^^^^^^^^^^^^^^^^^^^^^^^^^^^^^^^^
_ _ _ _ _ _ _ _ _ _ _ _ _ _ _ _ _ _ _ _ _ _ _ _ _ _ _ _ _ _ _ _ _ _ _ _ _ _ _ _

self = WindowsPath('C:/Users/seal/Desktop/New folder (32)/sun/rjepa/cameron/r2/eval.json')
mode = 'r', buffering = -1, encoding = 'locale', errors = None, newline = None

    def open(self, mode='r', buffering=-1, encoding=None,
             errors=None, newline=None):
        """
        Open the file pointed by this path and return a file object, as
        the built-in open() function does.
        """
        if "b" not in mode:
            encoding = io.text_encoding(encoding)
>       return io.open(self, mode, buffering, encoding, errors, newline)
               ^^^^^^^^^^^^^^^^^^^^^^^^^^^^^^^^^^^^^^^^^^^^^^^^^^^^^^^^^
E       FileNotFoundError: [Errno 2] No such file or directory: 'C:\\Users\\seal\\Desktop\\New folder (32)\\sun\\rjepa\\cameron\\r2\\eval.json'

C:\Users\seal\AppData\Local\Programs\Python\Python311\Lib\pathlib.py:1044: FileNotFoundError
____________________ test_claim_A3_lin1_holds_against_ens3 ____________________

    def test_claim_A3_lin1_holds_against_ens3():
>       E = _eval(); band, rows = _band(E)
            ^^^^^^^

test_r2.py:100: 
_ _ _ _ _ _ _ _ _ _ _ _ _ _ _ _ _ _ _ _ _ _ _ _ _ _ _ _ _ _ _ _ _ _ _ _ _ _ _ _
test_r2.py:56: in _eval
    return json.loads((HERE / "eval.json").read_text())
                      ^^^^^^^^^^^^^^^^^^^^^^^^^^^^^^^^
C:\Users\seal\AppData\Local\Programs\Python\Python311\Lib\pathlib.py:1058: in read_text
    with self.open(mode='r', encoding=encoding, errors=errors) as f:
         ^^^^^^^^^^^^^^^^^^^^^^^^^^^^^^^^^^^^^^^^^^^^^^^^^^^^^
_ _ _ _ _ _ _ _ _ _ _ _ _ _ _ _ _ _ _ _ _ _ _ _ _ _ _ _ _ _ _ _ _ _ _ _ _ _ _ _

self = WindowsPath('C:/Users/seal/Desktop/New folder (32)/sun/rjepa/cameron/r2/eval.json')
mode = 'r', buffering = -1, encoding = 'locale', errors = None, newline = None

    def open(self, mode='r', buffering=-1, encoding=None,
             errors=None, newline=None):
        """
        Open the file pointed by this path and return a file object, as
        the built-in open() function does.
        """
        if "b" not in mode:
            encoding = io.text_encoding(encoding)
>       return io.open(self, mode, buffering, encoding, errors, newline)
               ^^^^^^^^^^^^^^^^^^^^^^^^^^^^^^^^^^^^^^^^^^^^^^^^^^^^^^^^^
E       FileNotFoundError: [Errno 2] No such file or directory: 'C:\\Users\\seal\\Desktop\\New folder (32)\\sun\\rjepa\\cameron\\r2\\eval.json'

C:\Users\seal\AppData\Local\Programs\Python\Python311\Lib\pathlib.py:1044: FileNotFoundError
____________ test_claim_B_cascade_4x_fewer_calls_at_bayes_quality _____________

    def test_claim_B_cascade_4x_fewer_calls_at_bayes_quality():
>       E = _eval(); band, _ = _band(E)
            ^^^^^^^

test_r2.py:107: 
_ _ _ _ _ _ _ _ _ _ _ _ _ _ _ _ _ _ _ _ _ _ _ _ _ _ _ _ _ _ _ _ _ _ _ _ _ _ _ _
test_r2.py:56: in _eval
    return json.loads((HERE / "eval.json").read_text())
                      ^^^^^^^^^^^^^^^^^^^^^^^^^^^^^^^^
C:\Users\seal\AppData\Local\Programs\Python\Python311\Lib\pathlib.py:1058: in read_text
    with self.open(mode='r', encoding=encoding, errors=errors) as f:
         ^^^^^^^^^^^^^^^^^^^^^^^^^^^^^^^^^^^^^^^^^^^^^^^^^^^^^
_ _ _ _ _ _ _ _ _ _ _ _ _ _ _ _ _ _ _ _ _ _ _ _ _ _ _ _ _ _ _ _ _ _ _ _ _ _ _ _

self = WindowsPath('C:/Users/seal/Desktop/New folder (32)/sun/rjepa/cameron/r2/eval.json')
mode = 'r', buffering = -1, encoding = 'locale', errors = None, newline = None

    def open(self, mode='r', buffering=-1, encoding=None,
             errors=None, newline=None):
        """
        Open the file pointed by this path and return a file object, as
        the built-in open() function does.
        """
        if "b" not in mode:
            encoding = io.text_encoding(encoding)
>       return io.open(self, mode, buffering, encoding, errors, newline)
               ^^^^^^^^^^^^^^^^^^^^^^^^^^^^^^^^^^^^^^^^^^^^^^^^^^^^^^^^^
E       FileNotFoundError: [Errno 2] No such file or directory: 'C:\\Users\\seal\\Desktop\\New folder (32)\\sun\\rjepa\\cameron\\r2\\eval.json'

C:\Users\seal\AppData\Local\Programs\Python\Python311\Lib\pathlib.py:1044: FileNotFoundError
___________ test_claim_B2_cascade2_4x_fewer_calls_at_bayes_quality ____________

    def test_claim_B2_cascade2_4x_fewer_calls_at_bayes_quality():
>       E = _eval(); band, _ = _band(E)
            ^^^^^^^

test_r2.py:123: 
_ _ _ _ _ _ _ _ _ _ _ _ _ _ _ _ _ _ _ _ _ _ _ _ _ _ _ _ _ _ _ _ _ _ _ _ _ _ _ _
test_r2.py:56: in _eval
    return json.loads((HERE / "eval.json").read_text())
                      ^^^^^^^^^^^^^^^^^^^^^^^^^^^^^^^^
C:\Users\seal\AppData\Local\Programs\Python\Python311\Lib\pathlib.py:1058: in read_text
    with self.open(mode='r', encoding=encoding, errors=errors) as f:
         ^^^^^^^^^^^^^^^^^^^^^^^^^^^^^^^^^^^^^^^^^^^^^^^^^^^^^
_ _ _ _ _ _ _ _ _ _ _ _ _ _ _ _ _ _ _ _ _ _ _ _ _ _ _ _ _ _ _ _ _ _ _ _ _ _ _ _

self = WindowsPath('C:/Users/seal/Desktop/New folder (32)/sun/rjepa/cameron/r2/eval.json')
mode = 'r', buffering = -1, encoding = 'locale', errors = None, newline = None

    def open(self, mode='r', buffering=-1, encoding=None,
             errors=None, newline=None):
        """
        Open the file pointed by this path and return a file object, as
        the built-in open() function does.
        """
        if "b" not in mode:
            encoding = io.text_encoding(encoding)
>       return io.open(self, mode, buffering, encoding, errors, newline)
               ^^^^^^^^^^^^^^^^^^^^^^^^^^^^^^^^^^^^^^^^^^^^^^^^^^^^^^^^^
E       FileNotFoundError: [Errno 2] No such file or directory: 'C:\\Users\\seal\\Desktop\\New folder (32)\\sun\\rjepa\\cameron\\r2\\eval.json'

C:\Users\seal\AppData\Local\Programs\Python\Python311\Lib\pathlib.py:1044: FileNotFoundError
=========================== short test summary info ===========================
FAILED test_r2.py::test_bed_valid_on_new_seeds - FileNotFoundError: [Errno 2]...
FAILED test_r2.py::test_claim_A1_lin1_beats_djepa_spec_each_seed - FileNotFou...
FAILED test_r2.py::test_claim_A2_lin1_beats_floor_each_seed - FileNotFoundErr...
FAILED test_r2.py::test_claim_A3_lin1_holds_against_ens3 - FileNotFoundError:...
FAILED test_r2.py::test_claim_B_cascade_4x_fewer_calls_at_bayes_quality - Fil...
FAILED test_r2.py::test_claim_B2_cascade2_4x_fewer_calls_at_bayes_quality - F...
6 failed, 6 passed in 5.55s
