c01 REJECT V0 banned source token 'registry'
c02 REJECT V0.sandbox sandbox violation
c03 REJECT V0 shipped array contains sealed truth
c04 REJECT V0 source literal contains truth
c05 REJECT V4 band accuracy ['0.0179', '0.0170', '0.0178', '0.0162'] < 0.9 on >=1 of 4 verifier seeds
c06 REJECT V0 manifest sets verifier-owned fields
c07 REJECT V0 1048576 frozen params + buffer entries > 10% of 60000
c08 REJECT V4 reported 0.95 vs measured 0.9998
c09 REJECT V0 citation not fetched this run
c10 REJECT V2 bed VOID: schpd_62slot scores 1.0000 >= 0.5 on the scored band
c11 REJECT V2 bed VOID: recency_1.0 scores 1.0000 >= 0.5 on the scored band
c12 REJECT V2 bed VOID: window_1 scores 1.0000 >= 0.5 on the scored band
c13 REJECT V2 bed VOID: commutative scores 0.9980 >= 0.5 on the scored band
c14 REJECT V4 band accuracy ['0.0311', '0.0306', '0.0297', '0.0299'] < 0.9 on >=1 of 4 verifier seeds
c15 REJECT V0 manifest sets verifier-owned fields
c16 REJECT V3 margin +0.0001 over trained gru < 0.02
c17 REJECT V1 future tokens move past logits by 1.81 > 0.0001
c18 REJECT V1 row-sum error 0.751, min 0, future mass 0
c19 REJECT V1 gamma*max rowsum|W| = 1.0589 >= 1
c20 REJECT V4 band accuracy ['1.0000', '0.0279', '0.9992', '0.0277'] < 0.9 on >=1 of 4 verifier seeds
c21 REJECT V4 band accuracy ['1.0000', '0.0282', '1.0000', '0.0282'] < 0.9 on >=1 of 4 verifier seeds
c22 REJECT V4 band accuracy ['0.0270', '0.9999', '1.0000', '1.0000'] < 0.9 on >=1 of 4 verifier seeds
attack a01_delayed_oracle REJECT V4 band accuracy ['0.0179', '0.0170', '0.0178', '0.0162'] < 0.9 on >=1 of 4 verifier seeds
control gru REJECT V3 margin +0.0000 over trained gru < 0.02
control alibi_twin REJECT V4 band accuracy ['0.2907', '0.2778', '0.2536', '0.2798'] < 0.9 on >=1 of 4 verifier seeds
control a5_far_band_bed ACCEPT V2 bed admissible: best floor/shortcut commutative 0.1655 < 0.5
control bed_kp_far ACCEPT V2 bed admissible: best floor/shortcut position_only_floor 0.1231 < 0.5
power gru vs [alibi_twin] ACCEPT V5 passed V0-V5 (V6 = Inspector + human sign-off)
M0: cheats 22/22 rejected, verdicts 5/5, honest control True -> TRUSTED (1785 s)
EXIT 0
