=== e3_t32 softmax s=64 d=24 n_eval=4096 threads=6 torch 2.5.1+cu121 ===
  1-hop truncation ceiling at t*=32: NRMSE 0.984251 (softmax hop budget = 1)
  BAR CALIBRATED -- BAR CALIBRATED
  t*=32 n=  8192 seed=0 steps=  150  eval NRMSE=1.027155  [NO READING]  boot[1.0197,1.0353]  212.4s
  t*=32 n=  8192 seed=0 steps=  600  eval NRMSE=1.114262  [NO READING]  boot[1.0982,1.1321]  710.9s
  t*=32 n=  8192 DROPPED steps=[2400, 9600] (unaffordable)
    (924.0s for n=8192 seed=0)
WROTE C:\Users\seal\Desktop\New folder (32)\results\r10_it8_capacity_softmax_t32.jsonl
=== e3_t32 softmax s=64 d=24 n_eval=4096 threads=6 torch 2.5.1+cu121 ===
  1-hop truncation ceiling at t*=32: NRMSE 0.984251 (softmax hop budget = 1)
  BAR CALIBRATED -- BAR CALIBRATED
  t*=32 n=  2048 seed=0 steps=  150  eval NRMSE=1.158174  [NO READING]  boot[1.1303,1.1859]  42.8s
  t*=32 n=  2048 DROPPED steps=[600, 2400, 9600] (unaffordable)
    (43.2s for n=2048 seed=0)
  t*=32 n=  2048 seed=1 steps=  150  eval NRMSE=1.144186  [NO READING]  boot[1.1196,1.1695]  42.6s
    (43.0s for n=2048 seed=1)
  t*=32 n=  2048 seed=2 steps=  150  eval NRMSE=1.120508  [NO READING]  boot[1.1012,1.1406]  43.5s
    (44.0s for n=2048 seed=2)
  t*=32 n=  2048 seed=3 steps=  150  eval NRMSE=1.246376  [NO READING]  boot[1.1857,1.3235]  43.4s
    (43.7s for n=2048 seed=3)
  t*=32 n=  2048 seed=4 steps=  150  eval NRMSE=1.144989  [NO READING]  boot[1.1261,1.1686]  43.2s
    (43.6s for n=2048 seed=4)
  t*=32 n=  2048 seed=5 steps=  150  eval NRMSE=1.168049  [NO READING]  boot[1.1453,1.2020]  43.5s
    (43.8s for n=2048 seed=5)
  t*=32 n=  2048 seed=6 steps=  150  eval NRMSE=1.138910  [NO READING]  boot[1.1099,1.1729]  43.5s
    (43.9s for n=2048 seed=6)
  t*=32 n=  2048 seed=7 steps=  150  eval NRMSE=1.108570  [NO READING]  boot[1.0942,1.1241]  43.0s
    (43.3s for n=2048 seed=7)
WROTE C:\Users\seal\Desktop\New folder (32)\results\r10_it8_capacity_softmax_t32.jsonl
