{
 "bar_sha256": "7e977e9c366926e8a1248aa37e5d376ccd22e280dd8d0f4fb883f24becfe6e06",
 "script_sha256": "b52d736c152321c61a7df03addd2e1e00c9f3a1f865d4080f520c09651e3a32d",
 "fix1_ns_prime_half": {
  "min": 0.9886099250929686,
  "max": 0.9904791392857839,
  "per_seed": {
   "6": 0.9902378032601057,
   "7": 0.9897632170429524,
   "8": 0.9886099250929686,
   "11": 0.9895750695380923,
   "12": 0.9904791392857839,
   "13": 0.9888600045486969
  }
 },
 "fix2_realised_half_T32": {
  "6": {
   "half_1_128": 0.9930241430050685,
   "half_129_256": 0.9829963485748542
  },
  "7": {
   "half_1_128": 0.9872170439414114,
   "half_129_256": 0.9901997336884153
  },
  "8": {
   "half_1_128": 0.9844693701466782,
   "half_129_256": 0.981880931837791
  },
  "11": {
   "half_1_128": 0.984506418769367,
   "half_129_256": 0.9783089862771137
  },
  "12": {
   "half_1_128": 0.9812303290414879,
   "half_129_256": 0.9890128755364809
  },
  "13": {
   "half_1_128": 0.9940455742585593,
   "half_129_256": 0.992213443261193
  }
 },
 "fix2_below_099": "8/12"
}
wall 0.5
